// Jest Snapshot v1, https://goo.gl/fbAQLP

exports[`ArticleTitleTest renders  1`] = `
<div>
  <h1>
    A title
     [
    2015-12-31
    ]
  </h1>
  <h4>
    <a
      href="http://example.com"
    >
      http://example.com
    </a>
  </h4>
</div>
`;
