// Jest Snapshot v1, https://goo.gl/fbAQLP

exports[`MyComponentShallow  render my component 1`] = `
<div>
  <input
    type="text"
  />
</div>
`;
