// Jest Snapshot v1, https://goo.gl/fbAQLP

exports[`AuthorImg  render my component 1`] = `
<AuthorImg
  dispatch={[Function]}
  elementAuthor={
    Object {
      "audio": null,
      "author": Array [],
    }
  }
  store={
    Object {
      "dispatch": [Function],
      "getState": [Function],
      "replaceReducer": [Function],
      "subscribe": [Function],
      Symbol(observable): [Function],
    }
  }
  storeSubscription={
    Subscription {
      "listeners": Object {
        "clear": [Function],
        "get": [Function],
        "notify": [Function],
        "subscribe": [Function],
      },
      "onStateChange": [Function],
      "parentSub": undefined,
      "store": Object {
        "dispatch": [Function],
        "getState": [Function],
        "replaceReducer": [Function],
        "subscribe": [Function],
        Symbol(observable): [Function],
      },
      "unsubscribe": [Function],
    }
  }
/>
`;
